 
****************************************
Report : power
        -analysis_effort low
Design : openMSP430
Version: W-2024.09-SP5-4
Date   : Tue May  5 23:35:29 2026
****************************************


Library(s) Used:

    saed32hvt_ss0p75v125c (File: /usr/local/synopsys/pdk/SAED32_EDK/lib/stdcell_hvt/db_nldm/saed32hvt_ss0p75v125c.db)
    saed32rvt_ss0p75v125c (File: /usr/local/synopsys/pdk/SAED32_EDK/lib/stdcell_rvt/db_nldm/saed32rvt_ss0p75v125c.db)
    saed32lvt_ss0p75v125c (File: /usr/local/synopsys/pdk/SAED32_EDK/lib/stdcell_lvt/db_nldm/saed32lvt_ss0p75v125c.db)


Operating Conditions: ss0p75v125c   Library: saed32rvt_ss0p75v125c
Wire Load Model Mode: enclosed

Design        Wire Load Model            Library
------------------------------------------------
openMSP430             35000             saed32rvt_ss0p75v125c
SNPS_CLOCK_GATE_HIGH_omsp_clock_module_3
                       ForQA             saed32rvt_ss0p75v125c
SNPS_CLOCK_GATE_HIGH_omsp_clock_module_2
                       ForQA             saed32rvt_ss0p75v125c
SNPS_CLOCK_GATE_HIGH_omsp_frontend_3
                       ForQA             saed32rvt_ss0p75v125c
SNPS_CLOCK_GATE_HIGH_omsp_frontend_2
                       ForQA             saed32rvt_ss0p75v125c
SNPS_CLOCK_GATE_HIGH_omsp_execution_unit_1
                       ForQA             saed32rvt_ss0p75v125c
SNPS_CLOCK_GATE_HIGH_omsp_execution_unit_0
                       ForQA             saed32rvt_ss0p75v125c
SNPS_CLOCK_GATE_HIGH_omsp_mem_backbone
                       ForQA             saed32rvt_ss0p75v125c
SNPS_CLOCK_GATE_HIGH_omsp_watchdog_1
                       ForQA             saed32rvt_ss0p75v125c
SNPS_CLOCK_GATE_HIGH_omsp_watchdog_0
                       ForQA             saed32rvt_ss0p75v125c
SNPS_CLOCK_GATE_HIGH_omsp_multiplier_3
                       ForQA             saed32rvt_ss0p75v125c
SNPS_CLOCK_GATE_HIGH_omsp_multiplier_2
                       ForQA             saed32rvt_ss0p75v125c
SNPS_CLOCK_GATE_HIGH_omsp_dbg_2
                       ForQA             saed32rvt_ss0p75v125c
SNPS_CLOCK_GATE_HIGH_omsp_dbg_1
                       ForQA             saed32rvt_ss0p75v125c
SNPS_CLOCK_GATE_HIGH_omsp_register_file_14
                       ForQA             saed32rvt_ss0p75v125c
SNPS_CLOCK_GATE_HIGH_omsp_register_file_13
                       ForQA             saed32rvt_ss0p75v125c
SNPS_CLOCK_GATE_HIGH_omsp_dbg_uart_5
                       ForQA             saed32rvt_ss0p75v125c
SNPS_CLOCK_GATE_HIGH_omsp_dbg_uart_4
                       ForQA             saed32rvt_ss0p75v125c
SNPS_CLOCK_GATE_HIGH_openMSP430_0
                       ForQA             saed32rvt_ss0p75v125c
SNPS_CLOCK_GATE_HIGH_omsp_dbg_uart_0
                       ForQA             saed32rvt_ss0p75v125c
SNPS_CLOCK_GATE_HIGH_omsp_dbg_uart_1
                       ForQA             saed32rvt_ss0p75v125c
SNPS_CLOCK_GATE_HIGH_omsp_dbg_uart_2
                       ForQA             saed32rvt_ss0p75v125c
SNPS_CLOCK_GATE_HIGH_omsp_dbg_uart_3
                       ForQA             saed32rvt_ss0p75v125c
SNPS_CLOCK_GATE_HIGH_omsp_register_file_0
                       ForQA             saed32rvt_ss0p75v125c
SNPS_CLOCK_GATE_HIGH_omsp_register_file_1
                       ForQA             saed32rvt_ss0p75v125c
SNPS_CLOCK_GATE_HIGH_omsp_register_file_2
                       ForQA             saed32rvt_ss0p75v125c
SNPS_CLOCK_GATE_HIGH_omsp_register_file_3
                       ForQA             saed32rvt_ss0p75v125c
SNPS_CLOCK_GATE_HIGH_omsp_register_file_4
                       ForQA             saed32rvt_ss0p75v125c
SNPS_CLOCK_GATE_HIGH_omsp_register_file_5
                       ForQA             saed32rvt_ss0p75v125c
SNPS_CLOCK_GATE_HIGH_omsp_register_file_6
                       ForQA             saed32rvt_ss0p75v125c
SNPS_CLOCK_GATE_HIGH_omsp_register_file_7
                       ForQA             saed32rvt_ss0p75v125c
SNPS_CLOCK_GATE_HIGH_omsp_register_file_8
                       ForQA             saed32rvt_ss0p75v125c
SNPS_CLOCK_GATE_HIGH_omsp_register_file_9
                       ForQA             saed32rvt_ss0p75v125c
SNPS_CLOCK_GATE_HIGH_omsp_register_file_10
                       ForQA             saed32rvt_ss0p75v125c
SNPS_CLOCK_GATE_HIGH_omsp_register_file_11
                       ForQA             saed32rvt_ss0p75v125c
SNPS_CLOCK_GATE_HIGH_omsp_register_file_12
                       ForQA             saed32rvt_ss0p75v125c
SNPS_CLOCK_GATE_HIGH_omsp_dbg_0
                       ForQA             saed32rvt_ss0p75v125c
SNPS_CLOCK_GATE_HIGH_omsp_multiplier_0
                       ForQA             saed32rvt_ss0p75v125c
SNPS_CLOCK_GATE_HIGH_omsp_multiplier_1
                       ForQA             saed32rvt_ss0p75v125c
SNPS_CLOCK_GATE_HIGH_omsp_frontend_0
                       ForQA             saed32rvt_ss0p75v125c
SNPS_CLOCK_GATE_HIGH_omsp_frontend_1
                       ForQA             saed32rvt_ss0p75v125c
SNPS_CLOCK_GATE_HIGH_omsp_clock_module_0
                       ForQA             saed32rvt_ss0p75v125c
SNPS_CLOCK_GATE_HIGH_omsp_clock_module_1
                       ForQA             saed32rvt_ss0p75v125c
SNPS_CLOCK_GATE_HIGH_openMSP430_3
                       ForQA             saed32rvt_ss0p75v125c
SNPS_CLOCK_GATE_HIGH_openMSP430_2
                       ForQA             saed32rvt_ss0p75v125c
SNPS_CLOCK_GATE_HIGH_openMSP430_1
                       ForQA             saed32rvt_ss0p75v125c
SNPS_CLOCK_GATE_HIGH_openMSP430_4
                       ForQA             saed32rvt_ss0p75v125c


Global Operating Voltage = 0.75 
Power-specific unit information :
    Voltage Units = 1V
    Capacitance Units = 1.000000ff
    Time Units = 1ns
    Dynamic Power Units = 1uW    (derived from V,C,T units)
    Leakage Power Units = 1pW


Attributes
----------
i - Including register clock pin internal power


  Cell Internal Power  = 198.8864 uW   (88%)
  Net Switching Power  =  26.9703 uW   (12%)
                         ---------
Total Dynamic Power    = 225.8568 uW  (100%)

Cell Leakage Power     =   1.1055 mW


                 Internal         Switching           Leakage            Total
Power Group      Power            Power               Power              Power   (   %    )  Attrs
--------------------------------------------------------------------------------------------------
io_pad             0.0000            0.0000            0.0000            0.0000  (   0.00%)
memory             0.0000            0.0000            0.0000            0.0000  (   0.00%)
black_box          0.0000            0.0000            0.0000            0.0000  (   0.00%)
clock_network    140.2775            1.6441        6.7484e+06          148.6700  (  11.17%)  i
register          13.1492            1.4396        3.3318e+08          347.7712  (  26.12%)
sequential         0.0000            0.0000            0.0000            0.0000  (   0.00%)
combinational     45.4598           23.8865        7.6561e+08          834.9533  (  62.71%)
--------------------------------------------------------------------------------------------------
Total            198.8865 uW        26.9703 uW     1.1055e+09 pW     1.3314e+03 uW
1
