****************************************
Report : Averaged Power
Design : openMSP430
Version: V-2023.12-SP5-4
Date   : Wed May  6 19:06:24 2026
****************************************



  Attributes
  ----------
      i  -  Including register clock pin internal power
      u  -  User defined power group

                        Internal  Switching  Leakage    Total
Power Group             Power     Power      Power      Power   (     %)  Attrs
--------------------------------------------------------------------------------
clock_network           1.167e-05 2.941e-07 6.749e-06 1.871e-05 ( 1.52%)  i
register                2.767e-07 6.609e-08 3.976e-04 3.979e-04 (32.24%)  
combinational           3.287e-06 1.327e-06 8.129e-04 8.175e-04 (66.24%)  
sequential                 0.0000    0.0000    0.0000    0.0000 ( 0.00%)  
memory                     0.0000    0.0000    0.0000    0.0000 ( 0.00%)  
io_pad                     0.0000    0.0000    0.0000    0.0000 ( 0.00%)  
black_box                  0.0000    0.0000    0.0000    0.0000 ( 0.00%)  

  Net Switching Power  = 1.687e-06   ( 0.14%)
  Cell Internal Power  = 1.523e-05   ( 1.23%)
  Cell Leakage Power   = 1.217e-03   (98.63%)
                         ---------
Total Power            = 1.234e-03  (100.00%)

1
