****************************************
Report : Averaged Power
	-groups clock_network register combinational sequential io_pad memory black_box
Design : openMSP430
Version: V-2023.12-SP5-4
Date   : Wed May  6 19:06:14 2026
****************************************



  Attributes
  ----------
      i  -  Including register clock pin internal power
      u  -  User defined power group

                        Internal  Switching  Leakage    Total
Power Group             Power     Power      Power      Power   (     %)  Attrs
--------------------------------------------------------------------------------
clock_network           1.166e-05 2.937e-07 6.749e-06 1.871e-05 ( 1.53%)  i
register                2.766e-07 6.656e-08 4.001e-04 4.004e-04 (32.67%)  
combinational           2.674e-06 1.058e-06 8.027e-04 8.065e-04 (65.80%)  
sequential                 0.0000    0.0000    0.0000    0.0000 ( 0.00%)  
io_pad                     0.0000    0.0000    0.0000    0.0000 ( 0.00%)  
memory                     0.0000    0.0000    0.0000    0.0000 ( 0.00%)  
black_box                  0.0000    0.0000    0.0000    0.0000 ( 0.00%)  

  Net Switching Power  = 1.418e-06   ( 0.12%)
  Cell Internal Power  = 1.462e-05   ( 1.19%)
  Cell Leakage Power   = 1.210e-03   (98.69%)
                         ---------
Total Power            = 1.226e-03  (100.00%)

1
